// Jest Snapshot v1, https://goo.gl/fbAQLP

exports[`Textfield @textfield Single Textfield renders a basic textfield 1`] = `
<View
  style={
    Object {
      "flex": 1,
    }
  }
/>
`;
